// Jest Snapshot v1, https://goo.gl/fbAQLP

exports[`Pruebas en GifGridItem should match snapshot 1`] = `
<div>
  <div
    class="card"
  >
    <img
      alt="title"
      src="www.url.com"
    />
    <p>
      title
    </p>
  </div>
</div>
`;
