// Jest Snapshot v1, https://goo.gl/fbAQLP

exports[`Pruebas en FirtApo 2 debe de hacer match con el sanpshot 1`] = `
<div>
  <h1>
    Hola, soy Sergio
  </h1>
  <h5>
     
     
  </h5>
</div>
`;
